
> ligature@0.1.0 build /home/kislay/Desktop/coding/Ligature
> next build

⚠ Warning: Next.js inferred your workspace root, but it may not be correct.
 We detected multiple lockfiles and selected the directory of /home/kislay/package-lock.json as the root directory.
 To silence this warning, set `turbopack.root` in your Next.js config, or consider removing one of the lockfiles if it's not needed.
   See https://nextjs.org/docs/app/api-reference/config/next-config-js/turbopack#root-directory for more information.
 Detected additional lockfiles: 
   * /home/kislay/Desktop/coding/Ligature/pnpm-lock.yaml

▲ Next.js 16.2.9 (Turbopack)
- Environments: .env.local

[MDX] generated files in 14.451559999999972ms
  Creating an optimized production build ...
Error: Can't resolve 'tw-animate-css' in '/home/kislay/Desktop/coding/Ligature/src/app'
    [2m[at finishWithoutResolve (/home/kislay/Desktop/coding/Ligature/node_modules/.pnpm/enhanced-resolve@5.21.6/node_modules/enhanced-resolve/lib/Resolver.js:942:18)][0m
    [2m[at /home/kislay/Desktop/coding/Ligature/node_modules/.pnpm/enhanced-resolve@5.21.6/node_modules/enhanced-resolve/lib/Resolver.js:1034:14][0m
    [2m[at /home/kislay/Desktop/coding/Ligature/node_modules/.pnpm/enhanced-resolve@5.21.6/node_modules/enhanced-resolve/lib/Resolver.js:1111:5][0m
    [2m[at eval (eval at create (/home/kislay/Desktop/coding/Ligature/node_modules/.pnpm/tapable@2.3.3/node_modules/tapable/lib/HookCodeFactory.js:31:10), <anonymous>:15:1)][0m
    [2m[at /home/kislay/Desktop/coding/Ligature/node_modules/.pnpm/enhanced-resolve@5.21.6/node_modules/enhanced-resolve/lib/Resolver.js:1111:5][0m
    [2m[at eval (eval at create (/home/kislay/Desktop/coding/Ligature/node_modules/.pnpm/tapable@2.3.3/node_modules/tapable/lib/HookCodeFactory.js:31:10), <anonymous>:27:1)][0m
    [2m[at /home/kislay/Desktop/coding/Ligature/node_modules/.pnpm/enhanced-resolve@5.21.6/node_modules/enhanced-resolve/lib/DescriptionFilePlugin.js:94:43][0m
    [2m[at /home/kislay/Desktop/coding/Ligature/node_modules/.pnpm/enhanced-resolve@5.21.6/node_modules/enhanced-resolve/lib/Resolver.js:1111:5][0m
    [2m[at eval (eval at create (/home/kislay/Desktop/coding/Ligature/node_modules/.pnpm/tapable@2.3.3/node_modules/tapable/lib/HookCodeFactory.js:31:10), <anonymous>:15:1)][0m
    [2m[at /home/kislay/Desktop/coding/Ligature/node_modules/.pnpm/enhanced-resolve@5.21.6/node_modules/enhanced-resolve/lib/Resolver.js:1111:5][0m {
  details: "resolve 'tw-animate-css' in '/home/kislay/Desktop/coding/Ligature/src/app'\n" +
    '  Parsed request is a module\n' +
    '  using description file: /home/kislay/Desktop/coding/Ligature/package.json (relative path: ./src/app)\n' +
    '    resolve as module\n' +
    "      /home/kislay/Desktop/coding/Ligature/src/app/node_modules doesn't exist or is not a directory\n" +
    "      /home/kislay/Desktop/coding/Ligature/src/node_modules doesn't exist or is not a directory\n" +
    '      looking for modules in /home/kislay/Desktop/coding/Ligature/node_modules\n' +
    '        single file module\n' +
    '          using description file: /home/kislay/Desktop/coding/Ligature/package.json (relative path: ./node_modules/tw-animate-css)\n' +
    '            no extension\n' +
    "              /home/kislay/Desktop/coding/Ligature/node_modules/tw-animate-css doesn't exist\n" +
    '            .css\n' +
    "              /home/kislay/Desktop/coding/Ligature/node_modules/tw-animate-css.css doesn't exist\n" +
    "        /home/kislay/Desktop/coding/Ligature/node_modules/tw-animate-css doesn't exist\n" +
    "      /home/kislay/Desktop/coding/node_modules doesn't exist or is not a directory\n" +
    "      /home/kislay/Desktop/node_modules doesn't exist or is not a directory\n" +
    '      looking for modules in /home/kislay/node_modules\n' +
    '        single file module\n' +
    '          using description file: /home/kislay/package.json (relative path: ./node_modules/tw-animate-css)\n' +
    '            no extension\n' +
    "              /home/kislay/node_modules/tw-animate-css doesn't exist\n" +
    '            .css\n' +
    "              /home/kislay/node_modules/tw-animate-css.css doesn't exist\n" +
    "        /home/kislay/node_modules/tw-animate-css doesn't exist\n" +
    "      /home/node_modules doesn't exist or is not a directory\n" +
    "      /node_modules doesn't exist or is not a directory\n" +
    '      looking for modules in /home/kislay/Desktop/coding/Ligature/node_modules/.pnpm/next@16.2.9_@babel+core@7.29.7_react-dom@19.2.4_react@19.2.4__react@19.2.4/node_modules/next/node_modules\n' +
    '        single file module\n' +
    '          using description file: /home/kislay/Desktop/coding/Ligature/node_modules/.pnpm/next@16.2.9_@babel+core@7.29.7_react-dom@19.2.4_react@19.2.4__react@19.2.4/node_modules/next/package.json (relative path: ./node_modules/tw-animate-css)\n' +
    '            no extension\n' +
    "              /home/kislay/Desktop/coding/Ligature/node_modules/.pnpm/next@16.2.9_@babel+core@7.29.7_react-dom@19.2.4_react@19.2.4__react@19.2.4/node_modules/next/node_modules/tw-animate-css doesn't exist\n" +
    '            .css\n' +
    "              /home/kislay/Desktop/coding/Ligature/node_modules/.pnpm/next@16.2.9_@babel+core@7.29.7_react-dom@19.2.4_react@19.2.4__react@19.2.4/node_modules/next/node_modules/tw-animate-css.css doesn't exist\n" +
    "        /home/kislay/Desktop/coding/Ligature/node_modules/.pnpm/next@16.2.9_@babel+core@7.29.7_react-dom@19.2.4_react@19.2.4__react@19.2.4/node_modules/next/node_modules/tw-animate-css doesn't exist\n" +
    '      looking for modules in /home/kislay/Desktop/coding/Ligature/node_modules/.pnpm/next@16.2.9_@babel+core@7.29.7_react-dom@19.2.4_react@19.2.4__react@19.2.4/node_modules\n' +
    '        single file module\n' +
    '          using description file: /home/kislay/Desktop/coding/Ligature/package.json (relative path: ./node_modules/.pnpm/next@16.2.9_@babel+core@7.29.7_react-dom@19.2.4_react@19.2.4__react@19.2.4/node_modules/tw-animate-css)\n' +
    '            no extension\n' +
    "              /home/kislay/Desktop/coding/Ligature/node_modules/.pnpm/next@16.2.9_@babel+core@7.29.7_react-dom@19.2.4_react@19.2.4__react@19.2.4/node_modules/tw-animate-css doesn't exist\n" +
    '            .css\n' +
    "              /home/kislay/Desktop/coding/Ligature/node_modules/.pnpm/next@16.2.9_@babel+core@7.29.7_react-dom@19.2.4_react@19.2.4__react@19.2.4/node_modules/tw-animate-css.css doesn't exist\n" +
    "        /home/kislay/Desktop/coding/Ligature/node_modules/.pnpm/next@16.2.9_@babel+core@7.29.7_react-dom@19.2.4_react@19.2.4__react@19.2.4/node_modules/tw-animate-css doesn't exist\n" +
    '      looking for modules in /home/kislay/Desktop/coding/Ligature/node_modules/.pnpm/node_modules\n' +
    '        single file module\n' +
    '          using description file: /home/kislay/Desktop/coding/Ligature/package.json (relative path: ./node_modules/.pnpm/node_modules/tw-animate-css)\n' +
    '            no extension\n' +
    "              /home/kislay/Desktop/coding/Ligature/node_modules/.pnpm/node_modules/tw-animate-css doesn't exist\n" +
    '            .css\n' +
    "              /home/kislay/Desktop/coding/Ligature/node_modules/.pnpm/node_modules/tw-animate-css.css doesn't exist\n" +
    "        /home/kislay/Desktop/coding/Ligature/node_modules/.pnpm/node_modules/tw-animate-css doesn't exist"
}
Turbopack build encountered 9 warnings:
./Desktop/coding/Ligature/src/lib/widgets/isometric-contrib/index.ts:17:18
A Node.js API is used (process.argv at line: 17) which is not supported in the Edge Runtime.
    Learn more: https://nextjs.org/docs/api-reference/edge-runtime
  [90m15 |[0m         }
  [90m16 |[0m         [36mconst[0m userName =
[31m[1m>[0m [90m17 |[0m             [35m3[0m <= process.argv.length ? process.argv[[35m2[0m] : process.env.[33mU...[0m
  [90m   |[0m                  [31m[1m^^^^^^^^^^^^[0m
  [90m18 |[0m         [36mif[0m (!userName) {
  [90m19 |[0m             console.error([32m'USERNAME is empty'[0m);
  [90m20 |[0m             process.exitCode = [35m1[0m;

Ecmascript file had an error

Import trace:
  Edge App Route:
    ./Desktop/coding/Ligature/src/lib/widgets/isometric-contrib/index.ts
    ./Desktop/coding/Ligature/src/lib/widgets/index.ts
    ./Desktop/coding/Ligature/src/app/api/games/route.ts


./Desktop/coding/Ligature/src/lib/widgets/isometric-contrib/index.ts:17:40
A Node.js API is used (process.argv at line: 17) which is not supported in the Edge Runtime.
    Learn more: https://nextjs.org/docs/api-reference/edge-runtime
  [90m15 |[0m ...
  [90m16 |[0m ...[36mt[0m userName =
[31m[1m>[0m [90m17 |[0m ...[35m3[0m <= process.argv.length ? process.argv[[35m2[0m] : process.env.[33mUSERNAME[0m;
  [90m   |[0m                               [31m[1m^^^^^^^^^^^^[0m
  [90m18 |[0m ...!userName) {
  [90m19 |[0m ...console.error([32m'USERNAME is empty'[0m);
  [90m20 |[0m ...process.exitCode = [35m1[0m;

Ecmascript file had an error

Import trace:
  Edge App Route:
    ./Desktop/coding/Ligature/src/lib/widgets/isometric-contrib/index.ts
    ./Desktop/coding/Ligature/src/lib/widgets/index.ts
    ./Desktop/coding/Ligature/src/app/api/games/route.ts


./Desktop/coding/Ligature/src/lib/widgets/isometric-contrib/index.ts:114:9
A Node.js API is used (process.exitCode at line: 114) which is not supported in the Edge Runtime.
    Learn more: https://nextjs.org/docs/api-reference/edge-runtime
  [90m112 |[0m     } [36mcatch[0m (error) {
  [90m113 |[0m         console.error(error);
[31m[1m>[0m [90m114 |[0m         process.exitCode = [35m1[0m;
  [90m    |[0m         [31m[1m^^^^^^^^^^^^^^^^[0m
  [90m115 |[0m     }
  [90m116 |[0m };
  [90m117 |[0m

Ecmascript file had an error

Import trace:
  Edge App Route:
    ./Desktop/coding/Ligature/src/lib/widgets/isometric-contrib/index.ts
    ./Desktop/coding/Ligature/src/lib/widgets/index.ts
    ./Desktop/coding/Ligature/src/app/api/games/route.ts


./Desktop/coding/Ligature/src/lib/widgets/isometric-contrib/index.ts:13:13
A Node.js API is used (process.exitCode at line: 13) which is not supported in the Edge Runtime.
    Learn more: https://nextjs.org/docs/api-reference/edge-runtime
  [90m11 |[0m         [36mif[0m (!token) {
  [90m12 |[0m             console.error([32m'GITHUB_TOKEN is empty'[0m);
[31m[1m>[0m [90m13 |[0m             process.exitCode = [35m1[0m;
  [90m   |[0m             [31m[1m^^^^^^^^^^^^^^^^[0m
  [90m14 |[0m             [36mreturn[0m;
  [90m15 |[0m         }
  [90m16 |[0m         [36mconst[0m userName =

Ecmascript file had an error

Import trace:
  Edge App Route:
    ./Desktop/coding/Ligature/src/lib/widgets/isometric-contrib/index.ts
    ./Desktop/coding/Ligature/src/lib/widgets/index.ts
    ./Desktop/coding/Ligature/src/app/api/games/route.ts


./Desktop/coding/Ligature/src/lib/widgets/isometric-contrib/index.ts:20:13
A Node.js API is used (process.exitCode at line: 20) which is not supported in the Edge Runtime.
    Learn more: https://nextjs.org/docs/api-reference/edge-runtime
  [90m18 |[0m         [36mif[0m (!userName) {
  [90m19 |[0m             console.error([32m'USERNAME is empty'[0m);
[31m[1m>[0m [90m20 |[0m             process.exitCode = [35m1[0m;
  [90m   |[0m             [31m[1m^^^^^^^^^^^^^^^^[0m
  [90m21 |[0m             [36mreturn[0m;
  [90m22 |[0m         }
  [90m23 |[0m         [36mconst[0m maxRepos = process.env.[33mMAX_REPOS[0m

Ecmascript file had an error

Import trace:
  Edge App Route:
    ./Desktop/coding/Ligature/src/lib/widgets/isometric-contrib/index.ts
    ./Desktop/coding/Ligature/src/lib/widgets/index.ts
    ./Desktop/coding/Ligature/src/app/api/games/route.ts


./Desktop/coding/Ligature/src/lib/widgets/isometric-contrib/index.ts:28:13
A Node.js API is used (process.exitCode at line: 28) which is not supported in the Edge Runtime.
    Learn more: https://nextjs.org/docs/api-reference/edge-runtime
  [90m26 |[0m         [36mif[0m ([33mNumber[0m.isNaN(maxRepos)) {
  [90m27 |[0m             console.error([32m'MAX_REPOS is NaN'[0m);
[31m[1m>[0m [90m28 |[0m             process.exitCode = [35m1[0m;
  [90m   |[0m             [31m[1m^^^^^^^^^^^^^^^^[0m
  [90m29 |[0m             [36mreturn[0m;
  [90m30 |[0m         }
  [90m31 |[0m         [36mconst[0m year = process.env.[33mYEAR[0m ? [33mNumber[0m(process.env.[33mYEAR[0m) : [36mnull[0m;

Ecmascript file had an error

Import trace:
  Edge App Route:
    ./Desktop/coding/Ligature/src/lib/widgets/isometric-contrib/index.ts
    ./Desktop/coding/Ligature/src/lib/widgets/index.ts
    ./Desktop/coding/Ligature/src/app/api/games/route.ts


./Desktop/coding/Ligature/src/lib/widgets/isometric-contrib/index.ts:34:13
A Node.js API is used (process.exitCode at line: 34) which is not supported in the Edge Runtime.
    Learn more: https://nextjs.org/docs/api-reference/edge-runtime
  [90m32 |[0m         [36mif[0m ([33mNumber[0m.isNaN(year)) {
  [90m33 |[0m             console.error([32m'YEAR is NaN'[0m);
[31m[1m>[0m [90m34 |[0m             process.exitCode = [35m1[0m;
  [90m   |[0m             [31m[1m^^^^^^^^^^^^^^^^[0m
  [90m35 |[0m             [36mreturn[0m;
  [90m36 |[0m         }
  [90m37 |[0m

Ecmascript file had an error

Import trace:
  Edge App Route:
    ./Desktop/coding/Ligature/src/lib/widgets/isometric-contrib/index.ts
    ./Desktop/coding/Ligature/src/lib/widgets/index.ts
    ./Desktop/coding/Ligature/src/app/api/games/route.ts


./Desktop/coding/Ligature/src/lib/widgets/isometric-contrib/utils/file-writer.ts:1:1
A Node.js module is loaded ('fs' at line 1) which is not supported in the Edge Runtime.
    Learn More: https://nextjs.org/docs/messages/node-module-in-edge-runtime
[31m[1m>[0m [90m1 |[0m [36mimport[0m { mkdirSync, writeFileSync } [36mfrom[0m [32m'fs'[0m;
  [90m  |[0m [31m[1m^^^^^^^^^^^^^^^^^^^^^^^^^^^^^^^^^^^^^^^^^^^^^^[0m
  [90m2 |[0m
  [90m3 |[0m [36mexport[0m [36mconst[0m [33mOUTPUT_FOLDER[0m = [32m'./profile-3d-contrib'[0m;
  [90m4 |[0m

Ecmascript file had an error

Import trace:
  Edge App Route:
    ./Desktop/coding/Ligature/src/lib/widgets/isometric-contrib/utils/file-writer.ts
    ./Desktop/coding/Ligature/src/lib/widgets/isometric-contrib/index.ts
    ./Desktop/coding/Ligature/src/lib/widgets/index.ts
    ./Desktop/coding/Ligature/src/app/api/games/route.ts


./Desktop/coding/Ligature/src/lib/widgets/isometric-contrib/utils/settings-reader.ts:1:1
A Node.js module is loaded ('fs' at line 1) which is not supported in the Edge Runtime.
    Learn More: https://nextjs.org/docs/messages/node-module-in-edge-runtime
[31m[1m>[0m [90m1 |[0m [36mimport[0m { readFileSync } [36mfrom[0m [32m'fs'[0m;
  [90m  |[0m [31m[1m^^^^^^^^^^^^^^^^^^^^^^^^^^^^^^^^^^[0m
  [90m2 |[0m [36mimport[0m * [36mas[0m [36mtype[0m [36mfrom[0m [32m'../types'[0m;
  [90m3 |[0m
  [90m4 |[0m [36mexport[0m [36mconst[0m readSettingJson = (filePath: string): [36mtype[0m.[33mSettingFile[0m => {

Ecmascript file had an error

Import trace:
  Edge App Route:
    ./Desktop/coding/Ligature/src/lib/widgets/isometric-contrib/utils/settings-reader.ts
    ./Desktop/coding/Ligature/src/lib/widgets/isometric-contrib/index.ts
    ./Desktop/coding/Ligature/src/lib/widgets/index.ts
    ./Desktop/coding/Ligature/src/app/api/games/route.ts



> Build error occurred
Error: Turbopack build failed with 1 errors:
./Desktop/coding/Ligature/src/app/globals.css
Error evaluating Node.js code
CssSyntaxError: tailwindcss: /home/kislay/Desktop/coding/Ligature/src/app/globals.css:1:1: Can't resolve 'tw-animate-css' in '/home/kislay/Desktop/coding/Ligature/src/app'
    at Input.error (Desktop/coding/Ligature/node_modules/postcss/lib/input.js:135:16) [/home/kislay/Desktop/coding/Ligature/.next/build/chunks/14y__195npnw._.js:4682:22]
    at error (Desktop/coding/Ligature/node_modules/postcss/lib/node.js:146:32) [/home/kislay/Desktop/coding/Ligature/.next/build/chunks/14y__195npnw._.js:954:38]
    [at Object.Once (/home/kislay/Desktop/coding/Ligature/node_modules/.pnpm/@tailwindcss+postcss@4.3.1/node_modules/@tailwindcss/postcss/dist/index.js:10:6918)]
    [at process.processTicksAndRejections (node:internal/process/task_queues:104:5)]
    at async LazyResult.runAsync (Desktop/coding/Ligature/node_modules/postcss/lib/lazy-result.js:293:11) [/home/kislay/Desktop/coding/Ligature/.next/build/chunks/14y__195npnw._.js:6254:21]
    at async transform (turbopack:///[turbopack-node]/transforms/postcss.ts:70:34) [/home/kislay/Desktop/coding/Ligature/.next/build/chunks/[root-of-the-server]__0_n6tgs._.js:146:36]
    at async run (turbopack:///[turbopack-node]/child_process/evaluate.ts:89:23) [/home/kislay/Desktop/coding/Ligature/.next/build/chunks/[root-of-the-server]__0in422v._.js:443:31]

Import trace:
  Client Component Browser:
    ./Desktop/coding/Ligature/src/app/globals.css [Client Component Browser]
    ./Desktop/coding/Ligature/src/app/layout.tsx [Server Component]


    at async transform (turbopack:///[turbopack-node]/transforms/postcss.ts:70:34) [/home/kislay/Desktop/coding/Ligature/.next/build/chunks/[root-of-the-server]__0_n6tgs._.js:146:36])
    at async run (turbopack:///[turbopack-node]/child_process/evaluate.ts:89:23) [/home/kislay/Desktop/coding/Ligature/.next/build/chunks/[root-of-the-server]__0in422v._.js:443:31])
 ELIFECYCLE  Command failed with exit code 1.
